[ 2026-03-28 15:23:44 | node_46 | INFO ] 😋 Training finished!!
[ 2026-03-28 15:23:44 | node_41 | INFO ] 🎉 Round 150 of 150 finished.
[ 2026-03-28 15:23:44 | node_41 | INFO ] 😋 Training finished!!
[ 2026-03-28 15:23:45 | node_47 | INFO ] ⏹️  Gossiping exited for 10 equal rounds.
[ 2026-03-28 15:23:45 | node_47 | INFO ] 🔬 Evaluating...
[ 2026-03-28 15:23:46 | node_39 | INFO ] 🎉 Round 150 of 150 finished.
[ 2026-03-28 15:23:46 | node_39 | INFO ] 😋 Training finished!!
[ 2026-03-28 15:23:46 | node_9 | INFO ] 🎉 Round 150 of 150 finished.
[ 2026-03-28 15:23:46 | node_9 | INFO ] 😋 Training finished!!
[ 2026-03-28 15:23:46 | node_47 | INFO ] 📈 Evaluated. Results: {'test_loss': 0.004644859582185745, 'test_accuracy': 0.9915422201156616, 'test_precision': 0.21840210258960724, 'test_recall': 0.49611207842826843, 'test_f1': 0.29677504301071167, 'communication_cost': 4012888}
[ 2026-03-28 15:23:47 | node_47 | INFO ] 📢 Broadcasting metrics.
[ 2026-03-28 15:23:47 | node_35 | INFO ] ⏹️  Gossiping exited for 10 equal rounds.
[ 2026-03-28 15:23:47 | node_35 | INFO ] 🔬 Evaluating...
[ 2026-03-28 15:23:48 | node_35 | INFO ] 📈 Evaluated. Results: {'test_loss': 0.004169046878814697, 'test_accuracy': 0.9924419522285461, 'test_precision': 0.2849659323692322, 'test_recall': 0.5020535588264465, 'test_f1': 0.3602084219455719, 'communication_cost': 4377696}
[ 2026-03-28 15:23:48 | node_35 | INFO ] 📢 Broadcasting metrics.
[ 2026-03-28 15:23:49 | node_47 | INFO ] 🎉 Round 150 of 150 finished.
[ 2026-03-28 15:23:49 | node_47 | INFO ] 😋 Training finished!!
[ 2026-03-28 15:23:50 | node_33 | INFO ] ⏹️  Gossiping exited for 10 equal rounds.
[ 2026-03-28 15:23:50 | node_33 | INFO ] 🔬 Evaluating...
[ 2026-03-28 15:23:51 | node_35 | INFO ] 🎉 Round 150 of 150 finished.
[ 2026-03-28 15:23:51 | node_35 | INFO ] 😋 Training finished!!
[ 2026-03-28 15:23:51 | node_33 | INFO ] 📈 Evaluated. Results: {'test_loss': 0.00467592291533947, 'test_accuracy': 0.992531955242157, 'test_precision': 0.3025278151035309, 'test_recall': 0.45424190163612366, 'test_f1': 0.3470923602581024, 'communication_cost': 3648080}
[ 2026-03-28 15:23:51 | node_33 | INFO ] 📢 Broadcasting metrics.
[ 2026-03-28 15:23:54 | node_33 | INFO ] 🎉 Round 150 of 150 finished.
[ 2026-03-28 15:23:54 | node_33 | INFO ] 😋 Training finished!!
[ 2026-03-28 15:23:54 | None | INFO ] 🏁 All nodes finished training. Waiting 10s for final synchronization...
[ 2026-03-28 15:24:10 | node | INFO ] Stopping node...
[ 2026-03-28 15:24:10 | node | INFO ] 🛑 Stopping gossiper...
[ 2026-03-28 15:24:10 | node | INFO ] InMemoryServer stopped at node
[ 2026-03-28 15:24:10 | node_1 | INFO ] Stopping node...
[ 2026-03-28 15:24:10 | node_1 | INFO ] 🛑 Stopping gossiper...
[ 2026-03-28 15:24:10 | node_1 | INFO ] InMemoryServer stopped at node_1
[ 2026-03-28 15:24:10 | node_2 | INFO ] Stopping node...
[ 2026-03-28 15:24:10 | node_2 | INFO ] 🛑 Stopping gossiper...
[ 2026-03-28 15:24:10 | node_2 | INFO ] InMemoryServer stopped at node_2
[ 2026-03-28 15:24:10 | node_3 | INFO ] Stopping node...
[ 2026-03-28 15:24:10 | node_3 | INFO ] 🛑 Stopping gossiper...
[ 2026-03-28 15:24:10 | node_3 | INFO ] InMemoryServer stopped at node_3
[ 2026-03-28 15:24:10 | node_4 | INFO ] Stopping node...
[ 2026-03-28 15:24:10 | node_4 | INFO ] 🛑 Stopping gossiper...
[ 2026-03-28 15:24:11 | node_4 | INFO ] InMemoryServer stopped at node_4
[ 2026-03-28 15:24:11 | node_5 | INFO ] Stopping node...
[ 2026-03-28 15:24:11 | node_5 | INFO ] 🛑 Stopping gossiper...
[ 2026-03-28 15:24:11 | node_5 | INFO ] InMemoryServer stopped at node_5
[ 2026-03-28 15:24:11 | node_6 | INFO ] Stopping node...
[ 2026-03-28 15:24:11 | node_6 | INFO ] 🛑 Stopping gossiper...
[ 2026-03-28 15:24:11 | node_6 | INFO ] InMemoryServer stopped at node_6
[ 2026-03-28 15:24:11 | node_7 | INFO ] Stopping node...
[ 2026-03-28 15:24:11 | node_7 | INFO ] 🛑 Stopping gossiper...
[ 2026-03-28 15:24:11 | node_7 | INFO ] InMemoryServer stopped at node_7
[ 2026-03-28 15:24:12 | node_8 | INFO ] Stopping node...
[ 2026-03-28 15:24:12 | node_8 | INFO ] 🛑 Stopping gossiper...
[ 2026-03-28 15:24:12 | node_8 | INFO ] InMemoryServer stopped at node_8
[ 2026-03-28 15:24:12 | node_9 | INFO ] Stopping node...
[ 2026-03-28 15:24:12 | node_9 | INFO ] 🛑 Stopping gossiper...
[ 2026-03-28 15:24:12 | node_9 | INFO ] InMemoryServer stopped at node_9
[ 2026-03-28 15:24:13 | node_10 | INFO ] Stopping node...
[ 2026-03-28 15:24:13 | node_10 | INFO ] 🛑 Stopping gossiper...
[ 2026-03-28 15:24:13 | node_10 | INFO ] InMemoryServer stopped at node_10
[ 2026-03-28 15:24:13 | node_11 | INFO ] Stopping node...
[ 2026-03-28 15:24:13 | node_11 | INFO ] 🛑 Stopping gossiper...
[ 2026-03-28 15:24:13 | node_11 | INFO ] InMemoryServer stopped at node_11
[ 2026-03-28 15:24:13 | node_12 | INFO ] Stopping node...
[ 2026-03-28 15:24:13 | node_12 | INFO ] 🛑 Stopping gossiper...
[ 2026-03-28 15:24:13 | node_12 | INFO ] InMemoryServer stopped at node_12
[ 2026-03-28 15:24:14 | node_13 | INFO ] Stopping node...
[ 2026-03-28 15:24:14 | node_13 | INFO ] 🛑 Stopping gossiper...
[ 2026-03-28 15:24:14 | node_13 | INFO ] InMemoryServer stopped at node_13
[ 2026-03-28 15:24:14 | node_14 | INFO ] Stopping node...
[ 2026-03-28 15:24:14 | node_14 | INFO ] 🛑 Stopping gossiper...
[ 2026-03-28 15:24:14 | node_14 | INFO ] InMemoryServer stopped at node_14
[ 2026-03-28 15:24:14 | node_15 | INFO ] Stopping node...
[ 2026-03-28 15:24:14 | node_15 | INFO ] 🛑 Stopping gossiper...
[ 2026-03-28 15:24:14 | node_15 | INFO ] InMemoryServer stopped at node_15
[ 2026-03-28 15:24:15 | node_16 | INFO ] Stopping node...
[ 2026-03-28 15:24:15 | node_16 | INFO ] 🛑 Stopping gossiper...
[ 2026-03-28 15:24:15 | node_16 | INFO ] InMemoryServer stopped at node_16
[ 2026-03-28 15:24:15 | node_17 | INFO ] Stopping node...
[ 2026-03-28 15:24:15 | node_17 | INFO ] 🛑 Stopping gossiper...
[ 2026-03-28 15:24:15 | node_17 | INFO ] InMemoryServer stopped at node_17
[ 2026-03-28 15:24:15 | node_18 | INFO ] Stopping node...
[ 2026-03-28 15:24:15 | node_18 | INFO ] 🛑 Stopping gossiper...
[ 2026-03-28 15:24:15 | node_18 | INFO ] InMemoryServer stopped at node_18
[ 2026-03-28 15:24:15 | node_19 | INFO ] Stopping node...
[ 2026-03-28 15:24:15 | node_19 | INFO ] 🛑 Stopping gossiper...
[ 2026-03-28 15:24:15 | node_19 | INFO ] InMemoryServer stopped at node_19
[ 2026-03-28 15:24:15 | node_20 | INFO ] Stopping node...
[ 2026-03-28 15:24:15 | node_20 | INFO ] 🛑 Stopping gossiper...
[ 2026-03-28 15:24:16 | node_20 | INFO ] InMemoryServer stopped at node_20
[ 2026-03-28 15:24:16 | node_21 | INFO ] Stopping node...
[ 2026-03-28 15:24:16 | node_21 | INFO ] 🛑 Stopping gossiper...
[ 2026-03-28 15:24:16 | node_21 | INFO ] InMemoryServer stopped at node_21
[ 2026-03-28 15:24:16 | node_22 | INFO ] Stopping node...
[ 2026-03-28 15:24:16 | node_22 | INFO ] 🛑 Stopping gossiper...
[ 2026-03-28 15:24:16 | node_22 | INFO ] InMemoryServer stopped at node_22
[ 2026-03-28 15:24:16 | node_23 | INFO ] Stopping node...
[ 2026-03-28 15:24:16 | node_23 | INFO ] 🛑 Stopping gossiper...
[ 2026-03-28 15:24:16 | node_23 | INFO ] InMemoryServer stopped at node_23
[ 2026-03-28 15:24:16 | node_24 | INFO ] Stopping node...
[ 2026-03-28 15:24:16 | node_24 | INFO ] 🛑 Stopping gossiper...
[ 2026-03-28 15:24:16 | node_24 | INFO ] InMemoryServer stopped at node_24
[ 2026-03-28 15:24:16 | node_25 | INFO ] Stopping node...
[ 2026-03-28 15:24:17 | node_25 | INFO ] 🛑 Stopping gossiper...
[ 2026-03-28 15:24:17 | node_25 | INFO ] InMemoryServer stopped at node_25
[ 2026-03-28 15:24:17 | node_26 | INFO ] Stopping node...
[ 2026-03-28 15:24:17 | node_26 | INFO ] 🛑 Stopping gossiper...
[ 2026-03-28 15:24:17 | node_26 | INFO ] InMemoryServer stopped at node_26
[ 2026-03-28 15:24:17 | node_27 | INFO ] Stopping node...
[ 2026-03-28 15:24:17 | node_27 | INFO ] 🛑 Stopping gossiper...
[ 2026-03-28 15:24:17 | node_27 | INFO ] InMemoryServer stopped at node_27
[ 2026-03-28 15:24:17 | node_28 | INFO ] Stopping node...
[ 2026-03-28 15:24:17 | node_28 | INFO ] 🛑 Stopping gossiper...
[ 2026-03-28 15:24:17 | node_28 | INFO ] InMemoryServer stopped at node_28
[ 2026-03-28 15:24:17 | node_29 | INFO ] Stopping node...
[ 2026-03-28 15:24:17 | node_29 | INFO ] 🛑 Stopping gossiper...
[ 2026-03-28 15:24:17 | node_29 | INFO ] InMemoryServer stopped at node_29
[ 2026-03-28 15:24:17 | node_30 | INFO ] Stopping node...
[ 2026-03-28 15:24:18 | node_30 | INFO ] 🛑 Stopping gossiper...
[ 2026-03-28 15:24:18 | node_30 | INFO ] InMemoryServer stopped at node_30
[ 2026-03-28 15:24:18 | node_31 | INFO ] Stopping node...
[ 2026-03-28 15:24:18 | node_31 | INFO ] 🛑 Stopping gossiper...
[ 2026-03-28 15:24:18 | node_31 | INFO ] InMemoryServer stopped at node_31
[ 2026-03-28 15:24:18 | node_32 | INFO ] Stopping node...
[ 2026-03-28 15:24:18 | node_32 | INFO ] 🛑 Stopping gossiper...
[ 2026-03-28 15:24:18 | node_32 | INFO ] InMemoryServer stopped at node_32
[ 2026-03-28 15:24:19 | node_33 | INFO ] Stopping node...
[ 2026-03-28 15:24:19 | node_33 | INFO ] 🛑 Stopping gossiper...
[ 2026-03-28 15:24:19 | node_33 | INFO ] InMemoryServer stopped at node_33
[ 2026-03-28 15:24:19 | node_34 | INFO ] Stopping node...
[ 2026-03-28 15:24:19 | node_34 | INFO ] 🛑 Stopping gossiper...
[ 2026-03-28 15:24:19 | node_34 | INFO ] InMemoryServer stopped at node_34
[ 2026-03-28 15:24:19 | node_35 | INFO ] Stopping node...
[ 2026-03-28 15:24:19 | node_35 | INFO ] 🛑 Stopping gossiper...
[ 2026-03-28 15:24:19 | node_35 | INFO ] InMemoryServer stopped at node_35
[ 2026-03-28 15:24:19 | node_36 | INFO ] Stopping node...
[ 2026-03-28 15:24:19 | node_36 | INFO ] 🛑 Stopping gossiper...
[ 2026-03-28 15:24:19 | node_36 | INFO ] InMemoryServer stopped at node_36
[ 2026-03-28 15:24:19 | node_37 | INFO ] Stopping node...
[ 2026-03-28 15:24:19 | node_37 | INFO ] 🛑 Stopping gossiper...
[ 2026-03-28 15:24:19 | node_37 | INFO ] InMemoryServer stopped at node_37
[ 2026-03-28 15:24:19 | node_38 | INFO ] Stopping node...
[ 2026-03-28 15:24:20 | node_38 | INFO ] 🛑 Stopping gossiper...
[ 2026-03-28 15:24:20 | node_38 | INFO ] InMemoryServer stopped at node_38
[ 2026-03-28 15:24:20 | node_39 | INFO ] Stopping node...
[ 2026-03-28 15:24:20 | node_39 | INFO ] 🛑 Stopping gossiper...
[ 2026-03-28 15:24:20 | node_39 | INFO ] InMemoryServer stopped at node_39
[ 2026-03-28 15:24:20 | node_40 | INFO ] Stopping node...
[ 2026-03-28 15:24:20 | node_40 | INFO ] 🛑 Stopping gossiper...
[ 2026-03-28 15:24:20 | node_40 | INFO ] InMemoryServer stopped at node_40
[ 2026-03-28 15:24:20 | node_41 | INFO ] Stopping node...
[ 2026-03-28 15:24:20 | node_41 | INFO ] 🛑 Stopping gossiper...
[ 2026-03-28 15:24:20 | node_41 | INFO ] InMemoryServer stopped at node_41
[ 2026-03-28 15:24:20 | node_42 | INFO ] Stopping node...
[ 2026-03-28 15:24:20 | node_42 | INFO ] 🛑 Stopping gossiper...
[ 2026-03-28 15:24:20 | node_42 | INFO ] InMemoryServer stopped at node_42
[ 2026-03-28 15:24:20 | node_43 | INFO ] Stopping node...
[ 2026-03-28 15:24:20 | node_43 | INFO ] 🛑 Stopping gossiper...
[ 2026-03-28 15:24:20 | node_43 | INFO ] InMemoryServer stopped at node_43
[ 2026-03-28 15:24:20 | node_44 | INFO ] Stopping node...
[ 2026-03-28 15:24:21 | node_44 | INFO ] 🛑 Stopping gossiper...
[ 2026-03-28 15:24:21 | node_44 | INFO ] InMemoryServer stopped at node_44
[ 2026-03-28 15:24:21 | node_45 | INFO ] Stopping node...
[ 2026-03-28 15:24:21 | node_45 | INFO ] 🛑 Stopping gossiper...
[ 2026-03-28 15:24:21 | node_45 | INFO ] InMemoryServer stopped at node_45
[ 2026-03-28 15:24:21 | node_46 | INFO ] Stopping node...
[ 2026-03-28 15:24:21 | node_46 | INFO ] 🛑 Stopping gossiper...
[ 2026-03-28 15:24:21 | node_46 | INFO ] InMemoryServer stopped at node_46
[ 2026-03-28 15:24:22 | node_47 | INFO ] Stopping node...
[ 2026-03-28 15:24:22 | node_47 | INFO ] 🛑 Stopping gossiper...
[ 2026-03-28 15:24:22 | node_47 | INFO ] InMemoryServer stopped at node_47
[ 2026-03-28 15:24:22 | node_48 | INFO ] Stopping node...
[ 2026-03-28 15:24:22 | node_48 | INFO ] 🛑 Stopping gossiper...
[ 2026-03-28 15:24:23 | node_48 | INFO ] InMemoryServer stopped at node_48
[ 2026-03-28 15:24:23 | node_49 | INFO ] Stopping node...
[ 2026-03-28 15:24:23 | node_49 | INFO ] 🛑 Stopping gossiper...
[ 2026-03-28 15:24:23 | node_49 | INFO ] InMemoryServer stopped at node_49
